{"commitInfo":{"timestamp":1702060624811,"operation":"WRITE","operationParameters":{"mode":"Append","partitionBy":"[]"},"readVersion":0,"isolationLevel":"Serializable","isBlindAppend":true,"operationMetrics":{"numFiles":"2","numOutputRows":"2","numOutputBytes":"1953"},"engineInfo":"Apache-Spark/3.5.0 Delta-Lake/3.1.0-SNAPSHOT","txnId":"ab8788cc-e47b-4c8f-a2da-f073485b0818"}}
{"add":{"path":"part-00000-5307af72-3bda-4f4e-9628-97ed3c4dc4b5-c000.snappy.parquet","partitionValues":{},"size":976,"modificationTime":1702060624000,"dataChange":true,"stats":"{\"numRecords\":1,\"minValues\":{\"as_int\":5,\"as_string\":\"five\",\"as_float\":5.5},\"maxValues\":{\"as_int\":5,\"as_string\":\"five\",\"as_float\":5.5},\"nullCount\":{\"as_int\":0,\"as_string\":0,\"as_float\":0}}"}}
{"add":{"path":"part-00001-610a908e-262b-4bff-a8e1-60c22ccda104-c000.snappy.parquet","partitionValues":{},"size":977,"modificationTime":1702060624000,"dataChange":true,"stats":"{\"numRecords\":1,\"minValues\":{\"as_int\":6,\"as_string\":\"size\",\"as_float\":6.6},\"maxValues\":{\"as_int\":6,\"as_string\":\"size\",\"as_float\":6.6},\"nullCount\":{\"as_int\":0,\"as_string\":0,\"as_float\":0}}"}}
