{"commitInfo":{"timestamp":1702060614120,"operation":"WRITE","operationParameters":{"mode":"Append","partitionBy":"[]"},"isolationLevel":"Serializable","isBlindAppend":true,"operationMetrics":{"numFiles":"2","numOutputRows":"2","numOutputBytes":"1940"},"engineInfo":"Apache-Spark/3.5.0 Delta-Lake/3.1.0-SNAPSHOT","txnId":"c4a0e265-2d7b-4e24-8277-5665586f615e"}}
{"metaData":{"id":"testId","format":{"provider":"parquet","options":{}},"schemaString":"{\"type\":\"struct\",\"fields\":[{\"name\":\"as_int\",\"type\":\"integer\",\"nullable\":true,\"metadata\":{}},{\"name\":\"as_string\",\"type\":\"string\",\"nullable\":true,\"metadata\":{}},{\"name\":\"as_float\",\"type\":\"double\",\"nullable\":true,\"metadata\":{}}]}","partitionColumns":[],"configuration":{"delta.checkpoint.writeStatsAsStruct":"false","delta.checkpointInterval":"1","delta.checkpoint.writeStatsAsJson":"true"},"createdTime":1702060609076}}
{"protocol":{"minReaderVersion":1,"minWriterVersion":2}}
{"add":{"path":"part-00000-55fc60dc-6beb-4148-8a35-817ae964fdea-c000.snappy.parquet","partitionValues":{},"size":970,"modificationTime":1702060613000,"dataChange":true,"stats":"{\"numRecords\":1,\"minValues\":{\"as_int\":1,\"as_string\":\"one\",\"as_float\":1.1},\"maxValues\":{\"as_int\":1,\"as_string\":\"one\",\"as_float\":1.1},\"nullCount\":{\"as_int\":0,\"as_string\":0,\"as_float\":0}}"}}
{"add":{"path":"part-00001-2ba913e0-b544-40c2-831d-b62f2af6eacc-c000.snappy.parquet","partitionValues":{},"size":970,"modificationTime":1702060613000,"dataChange":true,"stats":"{\"numRecords\":1,\"minValues\":{\"as_int\":2,\"as_string\":\"two\",\"as_float\":2.2},\"maxValues\":{\"as_int\":2,\"as_string\":\"two\",\"as_float\":2.2},\"nullCount\":{\"as_int\":0,\"as_string\":0,\"as_float\":0}}"}}
