{"commitInfo":{"timestamp":1703034997391,"operation":"WRITE","operationParameters":{"mode":"Append","partitionBy":"[]"},"readVersion":0,"isolationLevel":"Serializable","isBlindAppend":true,"operationMetrics":{"numFiles":"2","numOutputRows":"2","numOutputBytes":"2086"},"engineInfo":"Apache-Spark/3.5.0 Delta-Lake/3.1.0-SNAPSHOT","txnId":"7f2ac7a8-b82d-4caa-b7b0-48c4d83751d8"}}
{"add":{"path":"part-00000-b3cf7c16-fc08-4e7b-8e28-521433d7cd04-c000.snappy.parquet","partitionValues":{},"size":1061,"modificationTime":1703034997000,"dataChange":true,"stats":"{\"numRecords\":1,\"minValues\":{\"as_int\":50,\"as_long\":50},\"maxValues\":{\"as_int\":50,\"as_long\":50},\"nullCount\":{\"as_int\":0,\"as_long\":0,\"as_array\":0}}"}}
{"add":{"path":"part-00001-d5ad0728-a7f0-411b-9ae7-c8932dbd832d-c000.snappy.parquet","partitionValues":{},"size":1025,"modificationTime":1703034997000,"dataChange":true,"stats":"{\"numRecords\":1,\"minValues\":{\"as_int\":50,\"as_long\":50},\"maxValues\":{\"as_int\":50,\"as_long\":50},\"nullCount\":{\"as_int\":0,\"as_long\":0,\"as_array\":1}}"}}
