{"commitInfo":{"timestamp":1703034986733,"operation":"WRITE","operationParameters":{"mode":"Append","partitionBy":"[]"},"isolationLevel":"Serializable","isBlindAppend":true,"operationMetrics":{"numFiles":"2","numOutputRows":"2","numOutputBytes":"2089"},"engineInfo":"Apache-Spark/3.5.0 Delta-Lake/3.1.0-SNAPSHOT","txnId":"2b51f24a-e819-4982-8805-ec645f43a42a"}}
{"metaData":{"id":"testId","format":{"provider":"parquet","options":{}},"schemaString":"{\"type\":\"struct\",\"fields\":[{\"name\":\"as_int\",\"type\":\"integer\",\"nullable\":true,\"metadata\":{}},{\"name\":\"as_long\",\"type\":\"long\",\"nullable\":true,\"metadata\":{}},{\"name\":\"as_array\",\"type\":{\"type\":\"array\",\"elementType\":\"integer\",\"containsNull\":true},\"nullable\":true,\"metadata\":{}}]}","partitionColumns":[],"configuration":{},"createdTime":1703034982179}}
{"protocol":{"minReaderVersion":1,"minWriterVersion":2}}
{"add":{"path":"part-00000-864ec130-6f25-4eee-93ac-d58ad3397c9b-c000.snappy.parquet","partitionValues":{},"size":1025,"modificationTime":1703034986000,"dataChange":true,"stats":"{\"numRecords\":1,\"minValues\":{\"as_int\":0,\"as_long\":0},\"maxValues\":{\"as_int\":0,\"as_long\":0},\"nullCount\":{\"as_int\":0,\"as_long\":0,\"as_array\":0}}"}}
{"add":{"path":"part-00001-cfe04afe-8cd2-4327-a184-4915a43ce2b7-c000.snappy.parquet","partitionValues":{},"size":1064,"modificationTime":1703034986000,"dataChange":true,"stats":"{\"numRecords\":1,\"minValues\":{\"as_int\":10,\"as_long\":10},\"maxValues\":{\"as_int\":10,\"as_long\":10},\"nullCount\":{\"as_int\":0,\"as_long\":0,\"as_array\":0}}"}}
