{"commitInfo":{"timestamp":1703824776832,"operation":"WRITE","operationParameters":{"mode":"ErrorIfExists","partitionBy":"[]"},"isolationLevel":"Serializable","isBlindAppend":true,"operationMetrics":{"numFiles":"1","numOutputRows":"3","numOutputBytes":"1563"},"engineInfo":"Apache-Spark/3.5.0 Delta-Lake/3.1.0-SNAPSHOT","txnId":"9d49861f-d233-4941-9160-e3b9b7a3d0b6"}}
{"metaData":{"id":"testId","format":{"provider":"parquet","options":{}},"schemaString":"{\"type\":\"struct\",\"fields\":[{\"name\":\"a\",\"type\":\"string\",\"nullable\":true,\"metadata\":{}}]}","partitionColumns":[],"configuration":{},"createdTime":1703824776336}}
{"protocol":{"minReaderVersion":1,"minWriterVersion":2}}
{"add":{"path":"part-00000-74ef26ac-8b10-4f33-9cdc-de58d870b7bb-c000.snappy.parquet","partitionValues":{},"size":1563,"modificationTime":1703824776000,"dataChange":true,"stats":"{\"numRecords\":3,\"minValues\":{\"a\":\"AAAAAAAAAAAAAAAAAAAAAAAAAAAAAAAA\"},\"maxValues\":{\"a\":\"C\"},\"nullCount\":{\"a\":0}}"}}
