{"commitInfo":{"timestamp":1703824783197,"operation":"WRITE","operationParameters":{"mode":"ErrorIfExists","partitionBy":"[]"},"isolationLevel":"Serializable","isBlindAppend":true,"operationMetrics":{"numFiles":"1","numOutputRows":"2","numOutputBytes":"740"},"engineInfo":"Apache-Spark/3.5.0 Delta-Lake/3.1.0-SNAPSHOT","txnId":"eab393af-561a-43f2-9ece-b4f8d7b36880"}}
{"metaData":{"id":"testId","format":{"provider":"parquet","options":{}},"schemaString":"{\"type\":\"struct\",\"fields\":[{\"name\":\"a\",\"type\":\"long\",\"nullable\":true,\"metadata\":{}},{\"name\":\"b\",\"type\":\"string\",\"nullable\":true,\"metadata\":{}}]}","partitionColumns":[],"configuration":{},"createdTime":1703824782699}}
{"protocol":{"minReaderVersion":1,"minWriterVersion":2}}
{"add":{"path":"part-00000-18f60fd2-156f-4901-8400-ebe8acbcac84-c000.snappy.parquet","partitionValues":{},"size":740,"modificationTime":1703824783000,"dataChange":true,"stats":"{\"numRecords\":2,\"minValues\":{\"a\":1,\"b\":\"2017-08-31\"},\"maxValues\":{\"a\":2,\"b\":\"2017-09-01\"},\"nullCount\":{\"a\":0,\"b\":0}}"}}
