{"commitInfo":{"timestamp":1700613821053,"operation":"WRITE","operationParameters":{"mode":"Append","partitionBy":"[]"},"readVersion":0,"isolationLevel":"Serializable","isBlindAppend":true,"operationMetrics":{"numFiles":"2","numOutputRows":"2","numOutputBytes":"2264"},"engineInfo":"Apache-Spark/3.5.0 Delta-Lake/3.1.0-SNAPSHOT","txnId":"5d9d6bd5-25f6-437a-bc9f-cf2629b6aa9d"}}
{"add":{"path":"part-00000-89ad94f2-5b2d-4f55-9677-65ac0be0c5db-c000.snappy.parquet","partitionValues":{},"size":1132,"modificationTime":1700613821000,"dataChange":true,"stats":"{\"numRecords\":1,\"minValues\":{\"col1\":10,\"col2\":10},\"maxValues\":{\"col1\":10,\"col2\":10},\"nullCount\":{\"col1\":0,\"col2\":0}}"}}
{"add":{"path":"part-00001-5942f2e9-ad3f-42cd-9e01-5179c7eeb422-c000.snappy.parquet","partitionValues":{},"size":1132,"modificationTime":1700613820000,"dataChange":true,"stats":"{\"numRecords\":1,\"minValues\":{\"col1\":11,\"col2\":11},\"maxValues\":{\"col1\":11,\"col2\":11},\"nullCount\":{\"col1\":0,\"col2\":0}}"}}
