{"commitInfo":{"timestamp":1700613810535,"operation":"WRITE","operationParameters":{"mode":"Append","partitionBy":"[]"},"isolationLevel":"Serializable","isBlindAppend":true,"operationMetrics":{"numFiles":"2","numOutputRows":"2","numOutputBytes":"2264"},"engineInfo":"Apache-Spark/3.5.0 Delta-Lake/3.1.0-SNAPSHOT","txnId":"283e2051-b766-4729-87e1-8ae91b1d67cf"}}
{"metaData":{"id":"testId","format":{"provider":"parquet","options":{}},"schemaString":"{\"type\":\"struct\",\"fields\":[{\"name\":\"col1\",\"type\":\"integer\",\"nullable\":true,\"metadata\":{}},{\"name\":\"col2\",\"type\":\"integer\",\"nullable\":true,\"metadata\":{}},{\"name\":\"col3\",\"type\":\"integer\",\"nullable\":true,\"metadata\":{}},{\"name\":\"col4\",\"type\":\"integer\",\"nullable\":true,\"metadata\":{}}]}","partitionColumns":[],"configuration":{"delta.dataSkippingNumIndexedCols":"2"},"createdTime":1700613806223}}
{"protocol":{"minReaderVersion":1,"minWriterVersion":2}}
{"add":{"path":"part-00000-c155c4bc-204e-4a23-953d-aba25e31a39a-c000.snappy.parquet","partitionValues":{},"size":1132,"modificationTime":1700613810000,"dataChange":true,"stats":"{\"numRecords\":1,\"minValues\":{\"col1\":0,\"col2\":0},\"maxValues\":{\"col1\":0,\"col2\":0},\"nullCount\":{\"col1\":0,\"col2\":0}}"}}
{"add":{"path":"part-00001-23ca5aec-f006-453f-a645-8b24a45edd39-c000.snappy.parquet","partitionValues":{},"size":1132,"modificationTime":1700613810000,"dataChange":true,"stats":"{\"numRecords\":1,\"minValues\":{\"col1\":1,\"col2\":1},\"maxValues\":{\"col1\":1,\"col2\":1},\"nullCount\":{\"col1\":0,\"col2\":0}}"}}
