{"commitInfo":{"timestamp":1703824779188,"operation":"WRITE","operationParameters":{"mode":"ErrorIfExists","partitionBy":"[]"},"isolationLevel":"Serializable","isBlindAppend":true,"operationMetrics":{"numFiles":"1","numOutputRows":"3","numOutputBytes":"1562"},"engineInfo":"Apache-Spark/3.5.0 Delta-Lake/3.1.0-SNAPSHOT","txnId":"b8579f7a-b099-4710-b57b-90a140b31bfc"}}
{"metaData":{"id":"testId","format":{"provider":"parquet","options":{}},"schemaString":"{\"type\":\"struct\",\"fields\":[{\"name\":\"a\",\"type\":\"string\",\"nullable\":true,\"metadata\":{}}]}","partitionColumns":[],"configuration":{},"createdTime":1703824778889}}
{"protocol":{"minReaderVersion":1,"minWriterVersion":2}}
{"add":{"path":"part-00000-af7853f7-3959-4609-813e-3aaa07055aea-c000.snappy.parquet","partitionValues":{},"size":1562,"modificationTime":1703824779000,"dataChange":true,"stats":"{\"numRecords\":3,\"minValues\":{\"a\":\"A\"},\"maxValues\":{\"a\":\"CCCCCCCCCCCCCCCCCCCCCCCCCCCCCCCCï¿½\"},\"nullCount\":{\"a\":0}}"}}
