{"commitInfo":{"timestamp":1703824774102,"operation":"WRITE","operationParameters":{"mode":"ErrorIfExists","partitionBy":"[]"},"isolationLevel":"Serializable","isBlindAppend":true,"operationMetrics":{"numFiles":"1","numOutputRows":"1","numOutputBytes":"655"},"engineInfo":"Apache-Spark/3.5.0 Delta-Lake/3.1.0-SNAPSHOT","txnId":"c8fcc6af-d858-4e1c-97b9-27562d1f89b6"}}
{"metaData":{"id":"testId","format":{"provider":"parquet","options":{}},"schemaString":"{\"type\":\"struct\",\"fields\":[{\"name\":\"a\",\"type\":{\"type\":\"struct\",\"fields\":[{\"name\":\"b\",\"type\":{\"type\":\"struct\",\"fields\":[{\"name\":\"c\",\"type\":\"long\",\"nullable\":true,\"metadata\":{}}]},\"nullable\":true,\"metadata\":{}}]},\"nullable\":true,\"metadata\":{}}]}","partitionColumns":[],"configuration":{},"createdTime":1703824773539}}
{"protocol":{"minReaderVersion":1,"minWriterVersion":2}}
{"add":{"path":"part-00000-c56f0bd7-cc9b-4362-b5d0-ee93fecf4ef6-c000.snappy.parquet","partitionValues":{},"size":655,"modificationTime":1703824774000,"dataChange":true,"stats":"{\"numRecords\":1,\"minValues\":{\"a\":{\"b\":{\"c\":1}}},\"maxValues\":{\"a\":{\"b\":{\"c\":1}}},\"nullCount\":{\"a\":{\"b\":{\"c\":0}}}}"}}
