{"commitInfo":{"timestamp":1703824788337,"operation":"WRITE","operationParameters":{"mode":"ErrorIfExists","partitionBy":"[]"},"isolationLevel":"Serializable","isBlindAppend":true,"operationMetrics":{"numFiles":"1","numOutputRows":"1","numOutputBytes":"428"},"engineInfo":"Apache-Spark/3.5.0 Delta-Lake/3.1.0-SNAPSHOT","txnId":"e46f0e06-212f-4b8a-a90c-e74e39da9998"}}
{"metaData":{"id":"testId","format":{"provider":"parquet","options":{}},"schemaString":"{\"type\":\"struct\",\"fields\":[{\"name\":\"a\",\"type\":\"boolean\",\"nullable\":true,\"metadata\":{}}]}","partitionColumns":[],"configuration":{},"createdTime":1703824787877}}
{"protocol":{"minReaderVersion":1,"minWriterVersion":2}}
{"add":{"path":"part-00000-931963a2-0353-4cbb-8ef7-b51cf5edf3e7-c000.snappy.parquet","partitionValues":{},"size":428,"modificationTime":1703824788000,"dataChange":true,"stats":"{\"numRecords\":1,\"nullCount\":{\"a\":0}}"}}
