{"commitInfo":{"timestamp":1703824786458,"operation":"WRITE","operationParameters":{"mode":"ErrorIfExists","partitionBy":"[]"},"isolationLevel":"Serializable","isBlindAppend":true,"operationMetrics":{"numFiles":"1","numOutputRows":"2","numOutputBytes":"1118"},"engineInfo":"Apache-Spark/3.5.0 Delta-Lake/3.1.0-SNAPSHOT","txnId":"532d9922-ccb8-422e-bdac-bb941f56f955"}}
{"metaData":{"id":"testId","format":{"provider":"parquet","options":{}},"schemaString":"{\"type\":\"struct\",\"fields\":[{\"name\":\"_corrupt_record\",\"type\":\"string\",\"nullable\":true,\"metadata\":{}},{\"name\":\"a\",\"type\":\"long\",\"nullable\":true,\"metadata\":{}},{\"name\":\"b\",\"type\":\"long\",\"nullable\":true,\"metadata\":{}}]}","partitionColumns":[],"configuration":{},"createdTime":1703824785927}}
{"protocol":{"minReaderVersion":1,"minWriterVersion":2}}
{"add":{"path":"part-00000-1f839c9b-070b-4aff-bdee-6168bbc26043-c000.snappy.parquet","partitionValues":{},"size":1118,"modificationTime":1703824786000,"dataChange":true,"stats":"{\"numRecords\":2,\"minValues\":{\"_corrupt_record\":\"      {\\\"a\\\": 20: \\\"b\\\": 20}\",\"a\":10,\"b\":10},\"maxValues\":{\"_corrupt_record\":\"      {\\\"a\\\": 20: \\\"b\\\": 20}\",\"a\":10,\"b\":10},\"nullCount\":{\"_corrupt_record\":1,\"a\":1,\"b\":1}}"}}
