{"commitInfo":{"timestamp":1699665421610,"operation":"WRITE","operationParameters":{"mode":"Append","partitionBy":"[]"},"readVersion":1,"isolationLevel":"Serializable","isBlindAppend":true,"operationMetrics":{"numFiles":"1","numOutputRows":"10","numOutputBytes":"527"},"engineInfo":"Apache-Spark/3.5.0 Delta-Lake/3.1.0-SNAPSHOT","txnId":"635db3ba-e681-479a-b4ee-22c22c1fe235"}}
{"add":{"path":"part-00000-741eb4e8-fb58-4088-8d5f-13bc39ca1e19-c000.snappy.parquet","partitionValues":{},"size":527,"modificationTime":1699665421000,"dataChange":true,"stats":"{\"numRecords\":10,\"minValues\":{\"id\":20},\"maxValues\":{\"id\":29},\"nullCount\":{\"id\":0}}"}}
