{"commitInfo":{"timestamp":1699665418331,"operation":"WRITE","operationParameters":{"mode":"Append","partitionBy":"[]"},"readVersion":0,"isolationLevel":"Serializable","isBlindAppend":true,"operationMetrics":{"numFiles":"1","numOutputRows":"10","numOutputBytes":"527"},"engineInfo":"Apache-Spark/3.5.0 Delta-Lake/3.1.0-SNAPSHOT","txnId":"0248e98e-6dc5-4d62-82c2-6af5ee8f115c"}}
{"add":{"path":"part-00000-0b6e20d3-0a2e-42eb-b7f9-ba63f0c8af34-c000.snappy.parquet","partitionValues":{},"size":527,"modificationTime":1699665418000,"dataChange":true,"stats":"{\"numRecords\":10,\"minValues\":{\"id\":10},\"maxValues\":{\"id\":19},\"nullCount\":{\"id\":0}}"}}
