{"commitInfo":{"timestamp":1699665406472,"operation":"WRITE","operationParameters":{"mode":"Append","partitionBy":"[]"},"isolationLevel":"Serializable","isBlindAppend":true,"operationMetrics":{"numFiles":"1","numOutputRows":"10","numOutputBytes":"539"},"engineInfo":"Apache-Spark/3.5.0 Delta-Lake/3.1.0-SNAPSHOT","txnId":"161234e9-3390-4f1d-b3c7-54c375fe0373"}}
{"metaData":{"id":"testId","format":{"provider":"parquet","options":{}},"schemaString":"{\"type\":\"struct\",\"fields\":[{\"name\":\"id\",\"type\":\"long\",\"nullable\":true,\"metadata\":{}}]}","partitionColumns":[],"configuration":{},"createdTime":1699665401615}}
{"protocol":{"minReaderVersion":1,"minWriterVersion":2}}
{"add":{"path":"part-00000-844748a8-c339-415d-b3fc-6b9cafd1da67-c000.snappy.parquet","partitionValues":{},"size":539,"modificationTime":1699665406000,"dataChange":true,"stats":"{\"numRecords\":10,\"minValues\":{\"id\":0},\"maxValues\":{\"id\":9},\"nullCount\":{\"id\":0}}"}}
