{"commitInfo":{"timestamp":1700613411637,"operation":"WRITE","operationParameters":{"mode":"Append","partitionBy":"[]"},"readVersion":0,"isolationLevel":"Serializable","isBlindAppend":true,"operationMetrics":{"numFiles":"2","numOutputRows":"2","numOutputBytes":"5860"},"engineInfo":"Apache-Spark/3.5.0 Delta-Lake/3.1.0-SNAPSHOT","txnId":"10c131eb-e84f-491e-aa77-32057f9a4d27"}}
{"add":{"path":"part-00000-495b5988-9fd3-4cf1-ae3d-13e2950c5a16-c000.snappy.parquet","partitionValues":{},"size":2930,"modificationTime":1700613411000,"dataChange":true,"stats":"{\"numRecords\":1,\"minValues\":{\"as_int\":50,\"as_long\":50,\"as_byte\":50,\"as_short\":50,\"as_float\":50.0,\"as_double\":50.0,\"as_string\":\"50\",\"as_date\":\"2050-01-01\",\"as_timestamp\":\"2050-01-01T00:00:00.000-08:00\"},\"maxValues\":{\"as_int\":50,\"as_long\":50,\"as_byte\":50,\"as_short\":50,\"as_float\":50.0,\"as_double\":50.0,\"as_string\":\"50\",\"as_date\":\"2050-01-01\",\"as_timestamp\":\"2050-01-01T00:00:00.000-08:00\"},\"nullCount\":{\"as_int\":0,\"as_long\":0,\"as_byte\":0,\"as_short\":0,\"as_float\":0,\"as_double\":0,\"as_string\":0,\"as_date\":0,\"as_timestamp\":0,\"as_big_decimal\":1,\"as_boolean\":0}}"}}
{"add":{"path":"part-00001-094b27bd-6f8b-476a-aee9-08d2632ed46e-c000.snappy.parquet","partitionValues":{},"size":2930,"modificationTime":1700613411000,"dataChange":true,"stats":"{\"numRecords\":1,\"minValues\":{\"as_int\":50,\"as_long\":50,\"as_byte\":50,\"as_short\":50,\"as_float\":50.0,\"as_double\":50.0,\"as_string\":\"50\",\"as_date\":\"2050-01-01\",\"as_timestamp\":\"2050-01-01T00:00:00.000-08:00\"},\"maxValues\":{\"as_int\":50,\"as_long\":50,\"as_byte\":50,\"as_short\":50,\"as_float\":50.0,\"as_double\":50.0,\"as_string\":\"50\",\"as_date\":\"2050-01-01\",\"as_timestamp\":\"2050-01-01T00:00:00.000-08:00\"},\"nullCount\":{\"as_int\":0,\"as_long\":0,\"as_byte\":0,\"as_short\":0,\"as_float\":0,\"as_double\":0,\"as_string\":0,\"as_date\":0,\"as_timestamp\":0,\"as_big_decimal\":1,\"as_boolean\":0}}"}}
