{"commitInfo":{"timestamp":1700613401843,"operation":"WRITE","operationParameters":{"mode":"Append","partitionBy":"[]"},"isolationLevel":"Serializable","isBlindAppend":true,"operationMetrics":{"numFiles":"2","numOutputRows":"2","numOutputBytes":"5888"},"engineInfo":"Apache-Spark/3.5.0 Delta-Lake/3.1.0-SNAPSHOT","txnId":"83f95b68-64de-4038-a43c-3f7ffcece4c2"}}
{"metaData":{"id":"testId","format":{"provider":"parquet","options":{}},"schemaString":"{\"type\":\"struct\",\"fields\":[{\"name\":\"as_int\",\"type\":\"integer\",\"nullable\":true,\"metadata\":{}},{\"name\":\"as_long\",\"type\":\"long\",\"nullable\":true,\"metadata\":{}},{\"name\":\"as_byte\",\"type\":\"byte\",\"nullable\":true,\"metadata\":{}},{\"name\":\"as_short\",\"type\":\"short\",\"nullable\":true,\"metadata\":{}},{\"name\":\"as_float\",\"type\":\"float\",\"nullable\":true,\"metadata\":{}},{\"name\":\"as_double\",\"type\":\"double\",\"nullable\":true,\"metadata\":{}},{\"name\":\"as_string\",\"type\":\"string\",\"nullable\":true,\"metadata\":{}},{\"name\":\"as_date\",\"type\":\"date\",\"nullable\":true,\"metadata\":{}},{\"name\":\"as_timestamp\",\"type\":\"timestamp\",\"nullable\":true,\"metadata\":{}},{\"name\":\"as_big_decimal\",\"type\":\"decimal(1,0)\",\"nullable\":true,\"metadata\":{}},{\"name\":\"as_boolean\",\"type\":\"boolean\",\"nullable\":true,\"metadata\":{}}]}","partitionColumns":[],"configuration":{},"createdTime":1700613396138}}
{"protocol":{"minReaderVersion":1,"minWriterVersion":2}}
{"add":{"path":"part-00000-1ed49e5d-61ea-4112-8129-d0e881c4aaa6-c000.snappy.parquet","partitionValues":{},"size":2959,"modificationTime":1700613401000,"dataChange":true,"stats":"{\"numRecords\":1,\"minValues\":{\"as_int\":0,\"as_long\":0,\"as_byte\":0,\"as_short\":0,\"as_float\":0.0,\"as_double\":0.0,\"as_string\":\"0\",\"as_date\":\"2000-01-01\",\"as_timestamp\":\"2000-01-01T00:00:00.000-08:00\",\"as_big_decimal\":0},\"maxValues\":{\"as_int\":0,\"as_long\":0,\"as_byte\":0,\"as_short\":0,\"as_float\":0.0,\"as_double\":0.0,\"as_string\":\"0\",\"as_date\":\"2000-01-01\",\"as_timestamp\":\"2000-01-01T00:00:00.000-08:00\",\"as_big_decimal\":0},\"nullCount\":{\"as_int\":0,\"as_long\":0,\"as_byte\":0,\"as_short\":0,\"as_float\":0,\"as_double\":0,\"as_string\":0,\"as_date\":0,\"as_timestamp\":0,\"as_big_decimal\":0,\"as_boolean\":0}}"}}
{"add":{"path":"part-00001-8a1d2c51-f89f-4440-824d-fe143a36f6d7-c000.snappy.parquet","partitionValues":{},"size":2929,"modificationTime":1700613401000,"dataChange":true,"stats":"{\"numRecords\":1,\"minValues\":{\"as_int\":10,\"as_long\":10,\"as_byte\":10,\"as_short\":10,\"as_float\":10.0,\"as_double\":10.0,\"as_string\":\"10\",\"as_date\":\"2000-10-10\",\"as_timestamp\":\"2000-10-10T10:10:10.000-07:00\"},\"maxValues\":{\"as_int\":10,\"as_long\":10,\"as_byte\":10,\"as_short\":10,\"as_float\":10.0,\"as_double\":10.0,\"as_string\":\"10\",\"as_date\":\"2000-10-10\",\"as_timestamp\":\"2000-10-10T10:10:10.000-07:00\"},\"nullCount\":{\"as_int\":0,\"as_long\":0,\"as_byte\":0,\"as_short\":0,\"as_float\":0,\"as_double\":0,\"as_string\":0,\"as_date\":0,\"as_timestamp\":0,\"as_big_decimal\":1,\"as_boolean\":0}}"}}
