{"commitInfo":{"timestamp":1703824770889,"operation":"WRITE","operationParameters":{"mode":"ErrorIfExists","partitionBy":"[]"},"isolationLevel":"Serializable","isBlindAppend":true,"operationMetrics":{"numFiles":"1","numOutputRows":"1","numOutputBytes":"566"},"engineInfo":"Apache-Spark/3.5.0 Delta-Lake/3.1.0-SNAPSHOT","txnId":"7c9e0079-498a-440c-bf4e-40b9d41cf1ec"}}
{"metaData":{"id":"testId","format":{"provider":"parquet","options":{}},"schemaString":"{\"type\":\"struct\",\"fields\":[{\"name\":\"a\",\"type\":{\"type\":\"struct\",\"fields\":[{\"name\":\"b\",\"type\":\"long\",\"nullable\":true,\"metadata\":{}}]},\"nullable\":true,\"metadata\":{}}]}","partitionColumns":[],"configuration":{},"createdTime":1703824770266}}
{"protocol":{"minReaderVersion":1,"minWriterVersion":2}}
{"add":{"path":"part-00000-d34b03b6-614a-40ed-86b9-eaffa944cd2f-c000.snappy.parquet","partitionValues":{},"size":566,"modificationTime":1703824770000,"dataChange":true,"stats":"{\"numRecords\":1,\"minValues\":{\"a\":{\"b\":1}},\"maxValues\":{\"a\":{\"b\":1}},\"nullCount\":{\"a\":{\"b\":0}}}"}}
